// Jest Snapshot v1, https://goo.gl/fbAQLP

exports[`<MoziServiceForm /> renders correctly 1`] = `
Array [
  <div
    className="MuiPaper-root-5 MuiPaper-elevation0-7 MuiStepper-root-1 MuiStepper-horizontal-2"
    style={
      Object {
        "color": "red",
      }
    }
  >
    <div
      className="MuiStep-root-32 MuiStep-horizontal-33"
    >
      <span
        className="MuiStepLabel-root-37 MuiStepLabel-horizontal-38"
      >
        <span
          className="MuiStepLabel-iconContainer-45"
        >
          <svg
            aria-hidden="true"
            className="MuiSvgIcon-root-53 MuiStepIcon-root-48 MuiStepIcon-active-50"
            focusable="false"
            role="presentation"
            viewBox="0 0 24 24"
          >
            <circle
              cx="12"
              cy="12"
              r="12"
            />
            <text
              className="MuiStepIcon-text-49"
              textAnchor="middle"
              x="12"
              y="16"
            >
              1
            </text>
          </svg>
        </span>
        <span
          className="MuiStepLabel-labelContainer-47"
        >
          <span
            className="MuiTypography-root-62 MuiTypography-body1-71 MuiStepLabel-label-40 MuiStepLabel-active-41"
          >
            Select dataset
          </span>
        </span>
      </span>
    </div>
    <div
      className="MuiStepConnector-root-98 MuiStepConnector-horizontal-99 MuiStepConnector-disabled-104"
    >
      <span
        className="MuiStepConnector-line-105 MuiStepConnector-lineHorizontal-106"
      />
    </div>
    <div
      className="MuiStep-root-32 MuiStep-horizontal-33"
    >
      <span
        className="MuiStepLabel-root-37 MuiStepLabel-horizontal-38 MuiStepLabel-disabled-44"
      >
        <span
          className="MuiStepLabel-iconContainer-45"
        >
          <svg
            aria-hidden="true"
            className="MuiSvgIcon-root-53 MuiStepIcon-root-48"
            focusable="false"
            role="presentation"
            viewBox="0 0 24 24"
          >
            <circle
              cx="12"
              cy="12"
              r="12"
            />
            <text
              className="MuiStepIcon-text-49"
              textAnchor="middle"
              x="12"
              y="16"
            >
              2
            </text>
          </svg>
        </span>
        <span
          className="MuiStepLabel-labelContainer-47"
        >
          <span
            className="MuiTypography-root-62 MuiTypography-body1-71 MuiStepLabel-label-40"
          >
            Moses Options
          </span>
        </span>
      </span>
    </div>
    <div
      className="MuiStepConnector-root-98 MuiStepConnector-horizontal-99 MuiStepConnector-disabled-104"
    >
      <span
        className="MuiStepConnector-line-105 MuiStepConnector-lineHorizontal-106"
      />
    </div>
    <div
      className="MuiStep-root-32 MuiStep-horizontal-33"
    >
      <span
        className="MuiStepLabel-root-37 MuiStepLabel-horizontal-38 MuiStepLabel-disabled-44"
      >
        <span
          className="MuiStepLabel-iconContainer-45"
        >
          <svg
            aria-hidden="true"
            className="MuiSvgIcon-root-53 MuiStepIcon-root-48"
            focusable="false"
            role="presentation"
            viewBox="0 0 24 24"
          >
            <circle
              cx="12"
              cy="12"
              r="12"
            />
            <text
              className="MuiStepIcon-text-49"
              textAnchor="middle"
              x="12"
              y="16"
            >
              3
            </text>
          </svg>
        </span>
        <span
          className="MuiStepLabel-labelContainer-47"
        >
          <span
            className="MuiTypography-root-62 MuiTypography-body1-71 MuiStepLabel-label-40"
          >
            Cross Validation Options
          </span>
        </span>
      </span>
    </div>
    <div
      className="MuiStepConnector-root-98 MuiStepConnector-horizontal-99 MuiStepConnector-disabled-104"
    >
      <span
        className="MuiStepConnector-line-105 MuiStepConnector-lineHorizontal-106"
      />
    </div>
    <div
      className="MuiStep-root-32 MuiStep-horizontal-33"
    >
      <span
        className="MuiStepLabel-root-37 MuiStepLabel-horizontal-38 MuiStepLabel-disabled-44"
      >
        <span
          className="MuiStepLabel-iconContainer-45"
        >
          <svg
            aria-hidden="true"
            className="MuiSvgIcon-root-53 MuiStepIcon-root-48"
            focusable="false"
            role="presentation"
            viewBox="0 0 24 24"
          >
            <circle
              cx="12"
              cy="12"
              r="12"
            />
            <text
              className="MuiStepIcon-text-49"
              textAnchor="middle"
              x="12"
              y="16"
            >
              4
            </text>
          </svg>
        </span>
        <span
          className="MuiStepLabel-labelContainer-47"
        >
          <span
            className="MuiTypography-root-62 MuiTypography-body1-71 MuiStepLabel-label-40"
          >
            Target feature
          </span>
        </span>
      </span>
    </div>
  </div>,
  <hr
    className="MuiDivider-root-108"
    style={
      Object {
        "marginBottom": "30px",
      }
    }
  />,
  <div
    className="datasetUploadWrapper"
  >
    <div
      className="dropzone"
      onBlur={[Function]}
      onClick={[Function]}
      onDragEnter={[Function]}
      onDragLeave={[Function]}
      onDragOver={[Function]}
      onDragStart={[Function]}
      onDrop={[Function]}
      onFocus={[Function]}
      onKeyDown={[Function]}
      style={
        Object {
          "border": "dashed 1px #90D4FF",
          "padding": "30px",
          "textAlign": "center",
        }
      }
      tabIndex={0}
    >
      <input
        autoComplete="off"
        multiple={false}
        name="dataset"
        onChange={[Function]}
        onClick={[Function]}
        style={
          Object {
            "display": "none",
          }
        }
        tabIndex={-1}
        type="file"
      />
      <svg
        aria-hidden="true"
        className="MuiSvgIcon-root-53"
        focusable="false"
        role="presentation"
        style={
          Object {
            "fontSize": "48px",
          }
        }
        viewBox="0 0 24 24"
      >
        <path
          d="M0 0h24v24H0z"
          fill="none"
        />
        <path
          d="M19.35 10.04C18.67 6.59 15.64 4 12 4 9.11 4 6.6 5.64 5.35 8.04 2.34 8.36 0 10.91 0 14c0 3.31 2.69 6 6 6h13c2.76 0 5-2.24 5-5 0-2.64-2.05-4.78-4.65-4.96zM14 13v4h-4v-4H7l5-5 5 5h-3z"
        />
      </svg>
      <p>
        Click here to select a dataset file, or drag and drop it over this text.
      </p>
    </div>
    <div
      className="MuiGrid-container-113 MuiGrid-spacing-xs-24-137"
      style={
        Object {
          "justifyItems": "end",
          "marginTop": "30px",
        }
      }
    >
      <div
        className="MuiGrid-item-114 MuiGrid-grid-xs-12-153"
      >
        <button
          className="MuiButtonBase-root-236 MuiButtonBase-disabled-237 MuiButton-root-210 MuiButton-contained-221 MuiButton-containedPrimary-222 MuiButton-raised-224 MuiButton-raisedPrimary-225 MuiButton-disabled-230"
          disabled={true}
          id="nextButton"
          onBlur={[Function]}
          onClick={[Function]}
          onContextMenu={[Function]}
          onFocus={[Function]}
          onKeyDown={[Function]}
          onKeyUp={[Function]}
          onMouseDown={[Function]}
          onMouseLeave={[Function]}
          onMouseUp={[Function]}
          onTouchEnd={[Function]}
          onTouchMove={[Function]}
          onTouchStart={[Function]}
          tabIndex="-1"
          type="button"
        >
          <span
            className="MuiButton-label-211"
          >
            Next
            <svg
              aria-hidden="true"
              className="MuiSvgIcon-root-53"
              focusable="false"
              role="presentation"
              viewBox="0 0 24 24"
            >
              <path
                d="M10 6L8.59 7.41 13.17 12l-4.58 4.59L10 18l6-6z"
              />
              <path
                d="M0 0h24v24H0z"
                fill="none"
              />
            </svg>
          </span>
        </button>
      </div>
    </div>
  </div>,
]
`;
